Analysis & Synthesis report for lab9
Tue Jan 10 15:22:59 2023
Quartus Prime Version 21.1.1 Build 850 06/23/2022 SJ Lite Edition


---------------------
; Table of Contents ;
---------------------
  1. Legal Notice
  2. Analysis & Synthesis Summary
  3. Analysis & Synthesis Settings
  4. Parallel Compilation
  5. Analysis & Synthesis Source Files Read
  6. Analysis & Synthesis Resource Usage Summary
  7. Analysis & Synthesis Resource Utilization by Entity
  8. User-Specified and Inferred Latches
  9. General Register Statistics
 10. Inverted Register Statistics
 11. Source assignments for RO:ro_1
 12. Source assignments for RO:ro_2
 13. Parameter Settings for User Entity Instance: div_clk:clk_1
 14. Parameter Settings for Inferred Entity Instance: lpm_divide:Mod0
 15. Parameter Settings for Inferred Entity Instance: lpm_divide:Mod1
 16. Port Connectivity Checks: "RO:ro_2"
 17. Port Connectivity Checks: "RO:ro_1"
 18. Post-Synthesis Netlist Statistics for Top Partition
 19. Elapsed Time Per Partition
 20. Analysis & Synthesis Messages



----------------
; Legal Notice ;
----------------
Copyright (C) 2022  Intel Corporation. All rights reserved.
Your use of Intel Corporation's design tools, logic functions 
and other software and tools, and any partner logic 
functions, and any output files from any of the foregoing 
(including device programming or simulation files), and any 
associated documentation or information are expressly subject 
to the terms and conditions of the Intel Program License 
Subscription Agreement, the Intel Quartus Prime License Agreement,
the Intel FPGA IP License Agreement, or other applicable license
agreement, including, without limitation, that your use is for
the sole purpose of programming logic devices manufactured by
Intel and sold by Intel or its authorized distributors.  Please
refer to the applicable agreement for further details, at
https://fpgasoftware.intel.com/eula.



+----------------------------------------------------------------------------------+
; Analysis & Synthesis Summary                                                     ;
+------------------------------------+---------------------------------------------+
; Analysis & Synthesis Status        ; Successful - Tue Jan 10 15:22:59 2023       ;
; Quartus Prime Version              ; 21.1.1 Build 850 06/23/2022 SJ Lite Edition ;
; Revision Name                      ; lab9                                        ;
; Top-level Entity Name              ; lab9                                        ;
; Family                             ; Cyclone IV E                                ;
; Total logic elements               ; 1,986                                       ;
;     Total combinational functions  ; 1,986                                       ;
;     Dedicated logic registers      ; 283                                         ;
; Total registers                    ; 283                                         ;
; Total pins                         ; 16                                          ;
; Total virtual pins                 ; 0                                           ;
; Total memory bits                  ; 0                                           ;
; Embedded Multiplier 9-bit elements ; 0                                           ;
; Total PLLs                         ; 0                                           ;
+------------------------------------+---------------------------------------------+


+------------------------------------------------------------------------------------------------------------+
; Analysis & Synthesis Settings                                                                              ;
+------------------------------------------------------------------+--------------------+--------------------+
; Option                                                           ; Setting            ; Default Value      ;
+------------------------------------------------------------------+--------------------+--------------------+
; Device                                                           ; EP4CE115F29C7      ;                    ;
; Top-level entity name                                            ; lab9               ; lab9               ;
; Family name                                                      ; Cyclone IV E       ; Cyclone V          ;
; Use smart compilation                                            ; Off                ; Off                ;
; Enable parallel Assembler and Timing Analyzer during compilation ; On                 ; On                 ;
; Enable compact report table                                      ; Off                ; Off                ;
; Restructure Multiplexers                                         ; Auto               ; Auto               ;
; Create Debugging Nodes for IP Cores                              ; Off                ; Off                ;
; Preserve fewer node names                                        ; On                 ; On                 ;
; Intel FPGA IP Evaluation Mode                                    ; Enable             ; Enable             ;
; Verilog Version                                                  ; Verilog_2001       ; Verilog_2001       ;
; VHDL Version                                                     ; VHDL_1993          ; VHDL_1993          ;
; State Machine Processing                                         ; Auto               ; Auto               ;
; Safe State Machine                                               ; Off                ; Off                ;
; Extract Verilog State Machines                                   ; On                 ; On                 ;
; Extract VHDL State Machines                                      ; On                 ; On                 ;
; Ignore Verilog initial constructs                                ; Off                ; Off                ;
; Iteration limit for constant Verilog loops                       ; 5000               ; 5000               ;
; Iteration limit for non-constant Verilog loops                   ; 250                ; 250                ;
; Add Pass-Through Logic to Inferred RAMs                          ; On                 ; On                 ;
; Infer RAMs from Raw Logic                                        ; On                 ; On                 ;
; Parallel Synthesis                                               ; On                 ; On                 ;
; DSP Block Balancing                                              ; Auto               ; Auto               ;
; NOT Gate Push-Back                                               ; On                 ; On                 ;
; Power-Up Don't Care                                              ; On                 ; On                 ;
; Remove Redundant Logic Cells                                     ; Off                ; Off                ;
; Remove Duplicate Registers                                       ; On                 ; On                 ;
; Ignore CARRY Buffers                                             ; Off                ; Off                ;
; Ignore CASCADE Buffers                                           ; Off                ; Off                ;
; Ignore GLOBAL Buffers                                            ; Off                ; Off                ;
; Ignore ROW GLOBAL Buffers                                        ; Off                ; Off                ;
; Ignore LCELL Buffers                                             ; Off                ; Off                ;
; Ignore SOFT Buffers                                              ; On                 ; On                 ;
; Limit AHDL Integers to 32 Bits                                   ; Off                ; Off                ;
; Optimization Technique                                           ; Balanced           ; Balanced           ;
; Carry Chain Length                                               ; 70                 ; 70                 ;
; Auto Carry Chains                                                ; On                 ; On                 ;
; Auto Open-Drain Pins                                             ; On                 ; On                 ;
; Perform WYSIWYG Primitive Resynthesis                            ; Off                ; Off                ;
; Auto ROM Replacement                                             ; On                 ; On                 ;
; Auto RAM Replacement                                             ; On                 ; On                 ;
; Auto DSP Block Replacement                                       ; On                 ; On                 ;
; Auto Shift Register Replacement                                  ; Auto               ; Auto               ;
; Allow Shift Register Merging across Hierarchies                  ; Auto               ; Auto               ;
; Auto Clock Enable Replacement                                    ; On                 ; On                 ;
; Strict RAM Replacement                                           ; Off                ; Off                ;
; Allow Synchronous Control Signals                                ; On                 ; On                 ;
; Force Use of Synchronous Clear Signals                           ; Off                ; Off                ;
; Auto RAM Block Balancing                                         ; On                 ; On                 ;
; Auto RAM to Logic Cell Conversion                                ; Off                ; Off                ;
; Auto Resource Sharing                                            ; Off                ; Off                ;
; Allow Any RAM Size For Recognition                               ; Off                ; Off                ;
; Allow Any ROM Size For Recognition                               ; Off                ; Off                ;
; Allow Any Shift Register Size For Recognition                    ; Off                ; Off                ;
; Use LogicLock Constraints during Resource Balancing              ; On                 ; On                 ;
; Ignore translate_off and synthesis_off directives                ; Off                ; Off                ;
; Timing-Driven Synthesis                                          ; On                 ; On                 ;
; Report Parameter Settings                                        ; On                 ; On                 ;
; Report Source Assignments                                        ; On                 ; On                 ;
; Report Connectivity Checks                                       ; On                 ; On                 ;
; Ignore Maximum Fan-Out Assignments                               ; Off                ; Off                ;
; Synchronization Register Chain Length                            ; 2                  ; 2                  ;
; Power Optimization During Synthesis                              ; Normal compilation ; Normal compilation ;
; HDL message level                                                ; Level2             ; Level2             ;
; Suppress Register Optimization Related Messages                  ; Off                ; Off                ;
; Number of Removed Registers Reported in Synthesis Report         ; 5000               ; 5000               ;
; Number of Swept Nodes Reported in Synthesis Report               ; 5000               ; 5000               ;
; Number of Inverted Registers Reported in Synthesis Report        ; 100                ; 100                ;
; Clock MUX Protection                                             ; On                 ; On                 ;
; Auto Gated Clock Conversion                                      ; Off                ; Off                ;
; Block Design Naming                                              ; Auto               ; Auto               ;
; SDC constraint protection                                        ; Off                ; Off                ;
; Synthesis Effort                                                 ; Auto               ; Auto               ;
; Shift Register Replacement - Allow Asynchronous Clear Signal     ; On                 ; On                 ;
; Pre-Mapping Resynthesis Optimization                             ; Off                ; Off                ;
; Analysis & Synthesis Message Level                               ; Medium             ; Medium             ;
; Disable Register Merging Across Hierarchies                      ; Auto               ; Auto               ;
; Resource Aware Inference For Block RAM                           ; On                 ; On                 ;
+------------------------------------------------------------------+--------------------+--------------------+


+------------------------------------------+
; Parallel Compilation                     ;
+----------------------------+-------------+
; Processors                 ; Number      ;
+----------------------------+-------------+
; Number detected on machine ; 8           ;
; Maximum allowed            ; 4           ;
;                            ;             ;
; Average used               ; 1.00        ;
; Maximum used               ; 4           ;
;                            ;             ;
; Usage by Processor         ; % Time Used ;
;     Processor 1            ; 100.0%      ;
;     Processor 2            ;   0.1%      ;
;     Processor 3            ;   0.1%      ;
;     Processor 4            ;   0.1%      ;
+----------------------------+-------------+


+-----------------------------------------------------------------------------------------------------------------------------------------------------------------------------+
; Analysis & Synthesis Source Files Read                                                                                                                                      ;
+----------------------------------+-----------------+------------------------------+-------------------------------------------------------------------------------+---------+
; File Name with User-Entered Path ; Used in Netlist ; File Type                    ; File Name with Absolute Path                                                  ; Library ;
+----------------------------------+-----------------+------------------------------+-------------------------------------------------------------------------------+---------+
; lab9.vhd                         ; yes             ; User VHDL File               ; D:/quartus/lab9_test/lab9/lab9/lab9.vhd                                       ;         ;
; RO.vhd                           ; yes             ; User VHDL File               ; D:/quartus/lab9_test/lab9/lab9/RO.vhd                                         ;         ;
; div_clk.vhd                      ; yes             ; User VHDL File               ; D:/quartus/lab9_test/lab9/lab9/div_clk.vhd                                    ;         ;
; lab9_pkg.vhd                     ; yes             ; User VHDL File               ; D:/quartus/lab9_test/lab9/lab9/lab9_pkg.vhd                                   ;         ;
; cal_freq.vhd                     ; yes             ; User VHDL File               ; D:/quartus/lab9_test/lab9/lab9/cal_freq.vhd                                   ;         ;
; lpm_divide.tdf                   ; yes             ; Megafunction                 ; d:/quartus/intelfpga/21.1/quartus/libraries/megafunctions/lpm_divide.tdf      ;         ;
; abs_divider.inc                  ; yes             ; Megafunction                 ; d:/quartus/intelfpga/21.1/quartus/libraries/megafunctions/abs_divider.inc     ;         ;
; sign_div_unsign.inc              ; yes             ; Megafunction                 ; d:/quartus/intelfpga/21.1/quartus/libraries/megafunctions/sign_div_unsign.inc ;         ;
; aglobal211.inc                   ; yes             ; Megafunction                 ; d:/quartus/intelfpga/21.1/quartus/libraries/megafunctions/aglobal211.inc      ;         ;
; db/lpm_divide_icm.tdf            ; yes             ; Auto-Generated Megafunction  ; D:/quartus/lab9_test/lab9/lab9/db/lpm_divide_icm.tdf                          ;         ;
; db/sign_div_unsign_7nh.tdf       ; yes             ; Auto-Generated Megafunction  ; D:/quartus/lab9_test/lab9/lab9/db/sign_div_unsign_7nh.tdf                     ;         ;
; db/alt_u_div_2af.tdf             ; yes             ; Auto-Generated Megafunction  ; D:/quartus/lab9_test/lab9/lab9/db/alt_u_div_2af.tdf                           ;         ;
; db/add_sub_7pc.tdf               ; yes             ; Auto-Generated Megafunction  ; D:/quartus/lab9_test/lab9/lab9/db/add_sub_7pc.tdf                             ;         ;
; db/add_sub_8pc.tdf               ; yes             ; Auto-Generated Megafunction  ; D:/quartus/lab9_test/lab9/lab9/db/add_sub_8pc.tdf                             ;         ;
+----------------------------------+-----------------+------------------------------+-------------------------------------------------------------------------------+---------+


+-----------------------------------------------------------+
; Analysis & Synthesis Resource Usage Summary               ;
+---------------------------------------------+-------------+
; Resource                                    ; Usage       ;
+---------------------------------------------+-------------+
; Estimated Total logic elements              ; 1,986       ;
;                                             ;             ;
; Total combinational functions               ; 1986        ;
; Logic element usage by number of LUT inputs ;             ;
;     -- 4 input functions                    ; 435         ;
;     -- 3 input functions                    ; 560         ;
;     -- <=2 input functions                  ; 991         ;
;                                             ;             ;
; Logic elements by mode                      ;             ;
;     -- normal mode                          ; 1204        ;
;     -- arithmetic mode                      ; 782         ;
;                                             ;             ;
; Total registers                             ; 283         ;
;     -- Dedicated logic registers            ; 283         ;
;     -- I/O registers                        ; 0           ;
;                                             ;             ;
; I/O pins                                    ; 16          ;
;                                             ;             ;
; Embedded Multiplier 9-bit elements          ; 0           ;
;                                             ;             ;
; Maximum fan-out node                        ; reset~input ;
; Maximum fan-out                             ; 294         ;
; Total fan-out                               ; 6432        ;
; Average fan-out                             ; 2.80        ;
+---------------------------------------------+-------------+


+----------------------------------------------------------------------------------------------------------------------------------------------------------------------------------------------------------------------------------------------------------------------------------------------------------------+
; Analysis & Synthesis Resource Utilization by Entity                                                                                                                                                                                                                                                            ;
+----------------------------------------+---------------------+---------------------------+-------------+--------------+---------+-----------+------+--------------+-------------------------------------------------------------------------------------------------------+---------------------+--------------+
; Compilation Hierarchy Node             ; Combinational ALUTs ; Dedicated Logic Registers ; Memory Bits ; DSP Elements ; DSP 9x9 ; DSP 18x18 ; Pins ; Virtual Pins ; Full Hierarchy Name                                                                                   ; Entity Name         ; Library Name ;
+----------------------------------------+---------------------+---------------------------+-------------+--------------+---------+-----------+------+--------------+-------------------------------------------------------------------------------------------------------+---------------------+--------------+
; |lab9                                  ; 1986 (221)          ; 283 (0)                   ; 0           ; 0            ; 0       ; 0         ; 16   ; 0            ; |lab9                                                                                                 ; lab9                ; work         ;
;    |RO:ro_1|                           ; 62 (62)             ; 0 (0)                     ; 0           ; 0            ; 0       ; 0         ; 0    ; 0            ; |lab9|RO:ro_1                                                                                         ; RO                  ; work         ;
;    |RO:ro_2|                           ; 64 (64)             ; 0 (0)                     ; 0           ; 0            ; 0       ; 0         ; 0    ; 0            ; |lab9|RO:ro_2                                                                                         ; RO                  ; work         ;
;    |cal_freq:cal_freq1|                ; 128 (128)           ; 128 (128)                 ; 0           ; 0            ; 0       ; 0         ; 0    ; 0            ; |lab9|cal_freq:cal_freq1                                                                              ; cal_freq            ; work         ;
;    |cal_freq:cal_freq2|                ; 128 (128)           ; 128 (128)                 ; 0           ; 0            ; 0       ; 0         ; 0    ; 0            ; |lab9|cal_freq:cal_freq2                                                                              ; cal_freq            ; work         ;
;    |div_clk:clk_1|                     ; 50 (50)             ; 27 (27)                   ; 0           ; 0            ; 0       ; 0         ; 0    ; 0            ; |lab9|div_clk:clk_1                                                                                   ; div_clk             ; work         ;
;    |lpm_divide:Mod0|                   ; 666 (0)             ; 0 (0)                     ; 0           ; 0            ; 0       ; 0         ; 0    ; 0            ; |lab9|lpm_divide:Mod0                                                                                 ; lpm_divide          ; work         ;
;       |lpm_divide_icm:auto_generated|  ; 666 (0)             ; 0 (0)                     ; 0           ; 0            ; 0       ; 0         ; 0    ; 0            ; |lab9|lpm_divide:Mod0|lpm_divide_icm:auto_generated                                                   ; lpm_divide_icm      ; work         ;
;          |sign_div_unsign_7nh:divider| ; 666 (0)             ; 0 (0)                     ; 0           ; 0            ; 0       ; 0         ; 0    ; 0            ; |lab9|lpm_divide:Mod0|lpm_divide_icm:auto_generated|sign_div_unsign_7nh:divider                       ; sign_div_unsign_7nh ; work         ;
;             |alt_u_div_2af:divider|    ; 666 (666)           ; 0 (0)                     ; 0           ; 0            ; 0       ; 0         ; 0    ; 0            ; |lab9|lpm_divide:Mod0|lpm_divide_icm:auto_generated|sign_div_unsign_7nh:divider|alt_u_div_2af:divider ; alt_u_div_2af       ; work         ;
;    |lpm_divide:Mod1|                   ; 667 (0)             ; 0 (0)                     ; 0           ; 0            ; 0       ; 0         ; 0    ; 0            ; |lab9|lpm_divide:Mod1                                                                                 ; lpm_divide          ; work         ;
;       |lpm_divide_icm:auto_generated|  ; 667 (0)             ; 0 (0)                     ; 0           ; 0            ; 0       ; 0         ; 0    ; 0            ; |lab9|lpm_divide:Mod1|lpm_divide_icm:auto_generated                                                   ; lpm_divide_icm      ; work         ;
;          |sign_div_unsign_7nh:divider| ; 667 (0)             ; 0 (0)                     ; 0           ; 0            ; 0       ; 0         ; 0    ; 0            ; |lab9|lpm_divide:Mod1|lpm_divide_icm:auto_generated|sign_div_unsign_7nh:divider                       ; sign_div_unsign_7nh ; work         ;
;             |alt_u_div_2af:divider|    ; 667 (667)           ; 0 (0)                     ; 0           ; 0            ; 0       ; 0         ; 0    ; 0            ; |lab9|lpm_divide:Mod1|lpm_divide_icm:auto_generated|sign_div_unsign_7nh:divider|alt_u_div_2af:divider ; alt_u_div_2af       ; work         ;
+----------------------------------------+---------------------+---------------------------+-------------+--------------+---------+-----------+------+--------------+-------------------------------------------------------------------------------------------------------+---------------------+--------------+
Note: For table entries with two numbers listed, the numbers in parentheses indicate the number of resources of the given type used by the specific entity alone. The numbers listed outside of parentheses indicate the total resources of the given type used by the specific entity and all of its sub-entities in the hierarchy.


+----------------------------------------------------------------------------------------------------+
; User-Specified and Inferred Latches                                                                ;
+-----------------------------------------------------+---------------------+------------------------+
; Latch Name                                          ; Latch Enable Signal ; Free of Timing Hazards ;
+-----------------------------------------------------+---------------------+------------------------+
; led[0]$latch                                        ; Decoder0            ; yes                    ;
; led[1]$latch                                        ; Decoder0            ; yes                    ;
; led[2]$latch                                        ; Decoder0            ; yes                    ;
; led[3]$latch                                        ; Decoder0            ; yes                    ;
; led[4]$latch                                        ; Decoder0            ; yes                    ;
; led[5]$latch                                        ; Decoder0            ; yes                    ;
; led[6]$latch                                        ; Decoder0            ; yes                    ;
; led[7]$latch                                        ; Decoder0            ; yes                    ;
; RO:ro_1|chain[4]_2152                               ; RO:ro_1|chain[4]    ; yes                    ;
; RO:ro_1|chain[6]_2439                               ; RO:ro_1|chain[6]    ; yes                    ;
; RO:ro_1|chain[8]_2714                               ; RO:ro_1|chain[8]    ; yes                    ;
; RO:ro_1|chain[10]_2977                              ; RO:ro_1|chain[10]   ; yes                    ;
; RO:ro_1|chain[12]_3228                              ; RO:ro_1|chain[12]   ; yes                    ;
; RO:ro_1|chain[14]_3467                              ; RO:ro_1|chain[14]   ; yes                    ;
; RO:ro_1|chain[16]_3694                              ; RO:ro_1|chain[16]   ; yes                    ;
; RO:ro_1|chain[18]_3909                              ; RO:ro_1|chain[18]   ; yes                    ;
; RO:ro_1|chain[20]_4112                              ; RO:ro_1|chain[20]   ; yes                    ;
; RO:ro_1|chain[22]_4303                              ; RO:ro_1|process_0   ; yes                    ;
; RO:ro_1|chain[24]_4482                              ; RO:ro_1|process_0   ; yes                    ;
; RO:ro_1|chain[26]_4649                              ; RO:ro_1|process_0   ; yes                    ;
; RO:ro_1|chain[28]_4804                              ; RO:ro_1|process_0   ; yes                    ;
; RO:ro_1|chain[30]_4947                              ; RO:ro_1|process_0   ; yes                    ;
; RO:ro_2|chain[4]_2152                               ; RO:ro_2|chain[4]    ; yes                    ;
; RO:ro_2|chain[6]_2439                               ; RO:ro_2|chain[6]    ; yes                    ;
; RO:ro_2|chain[8]_2714                               ; RO:ro_2|chain[8]    ; yes                    ;
; RO:ro_2|chain[10]_2977                              ; RO:ro_2|chain[10]   ; yes                    ;
; RO:ro_2|chain[12]_3228                              ; RO:ro_2|chain[12]   ; yes                    ;
; RO:ro_2|chain[14]_3467                              ; RO:ro_2|chain[14]   ; yes                    ;
; RO:ro_2|chain[16]_3694                              ; RO:ro_2|chain[16]   ; yes                    ;
; RO:ro_2|chain[18]_3909                              ; RO:ro_2|chain[18]   ; yes                    ;
; RO:ro_2|chain[20]_4112                              ; RO:ro_2|chain[20]   ; yes                    ;
; RO:ro_2|chain[22]_4303                              ; RO:ro_2|process_0   ; yes                    ;
; RO:ro_2|chain[24]_4482                              ; RO:ro_2|process_0   ; yes                    ;
; RO:ro_2|chain[26]_4649                              ; RO:ro_2|process_0   ; yes                    ;
; RO:ro_2|chain[28]_4804                              ; RO:ro_2|process_0   ; yes                    ;
; RO:ro_2|chain[30]_4947                              ; RO:ro_2|process_0   ; yes                    ;
; RO:ro_1|chain[3]_2004                               ; RO:ro_1|chain[4]    ; yes                    ;
; RO:ro_1|chain[5]_2297                               ; RO:ro_1|chain[6]    ; yes                    ;
; RO:ro_1|chain[7]_2578                               ; RO:ro_1|chain[8]    ; yes                    ;
; RO:ro_1|chain[9]_2847                               ; RO:ro_1|chain[10]   ; yes                    ;
; RO:ro_1|chain[11]_3104                              ; RO:ro_1|chain[12]   ; yes                    ;
; RO:ro_1|chain[13]_3349                              ; RO:ro_1|chain[14]   ; yes                    ;
; RO:ro_1|chain[15]_3582                              ; RO:ro_1|chain[16]   ; yes                    ;
; RO:ro_1|chain[17]_3803                              ; RO:ro_1|chain[18]   ; yes                    ;
; RO:ro_1|chain[19]_4012                              ; RO:ro_1|chain[20]   ; yes                    ;
; RO:ro_1|chain[21]_4209                              ; RO:ro_1|process_0   ; yes                    ;
; RO:ro_1|chain[23]_4394                              ; RO:ro_1|process_0   ; yes                    ;
; RO:ro_1|chain[25]_4567                              ; RO:ro_1|process_0   ; yes                    ;
; RO:ro_1|chain[27]_4728                              ; RO:ro_1|process_0   ; yes                    ;
; RO:ro_1|chain[29]_4877                              ; RO:ro_1|process_0   ; yes                    ;
; RO:ro_2|chain[3]_2004                               ; RO:ro_2|chain[4]    ; yes                    ;
; RO:ro_2|chain[5]_2297                               ; RO:ro_2|chain[6]    ; yes                    ;
; RO:ro_2|chain[7]_2578                               ; RO:ro_2|chain[8]    ; yes                    ;
; RO:ro_2|chain[9]_2847                               ; RO:ro_2|chain[10]   ; yes                    ;
; RO:ro_2|chain[11]_3104                              ; RO:ro_2|chain[12]   ; yes                    ;
; RO:ro_2|chain[13]_3349                              ; RO:ro_2|chain[14]   ; yes                    ;
; RO:ro_2|chain[15]_3582                              ; RO:ro_2|chain[16]   ; yes                    ;
; RO:ro_2|chain[17]_3803                              ; RO:ro_2|chain[18]   ; yes                    ;
; RO:ro_2|chain[19]_4012                              ; RO:ro_2|chain[20]   ; yes                    ;
; RO:ro_2|chain[21]_4209                              ; RO:ro_2|process_0   ; yes                    ;
; RO:ro_2|chain[23]_4394                              ; RO:ro_2|process_0   ; yes                    ;
; RO:ro_2|chain[25]_4567                              ; RO:ro_2|process_0   ; yes                    ;
; RO:ro_2|chain[27]_4728                              ; RO:ro_2|process_0   ; yes                    ;
; RO:ro_2|chain[29]_4877                              ; RO:ro_2|process_0   ; yes                    ;
; Number of user-specified and inferred latches = 64  ;                     ;                        ;
+-----------------------------------------------------+---------------------+------------------------+
Note: All latches listed above may not be present at the end of synthesis due to various synthesis optimizations.


+------------------------------------------------------+
; General Register Statistics                          ;
+----------------------------------------------+-------+
; Statistic                                    ; Value ;
+----------------------------------------------+-------+
; Total registers                              ; 283   ;
; Number of registers using Synchronous Clear  ; 0     ;
; Number of registers using Synchronous Load   ; 0     ;
; Number of registers using Asynchronous Clear ; 283   ;
; Number of registers using Asynchronous Load  ; 0     ;
; Number of registers using Clock Enable       ; 256   ;
; Number of registers using Preset             ; 0     ;
+----------------------------------------------+-------+


+--------------------------------------------------+
; Inverted Register Statistics                     ;
+----------------------------------------+---------+
; Inverted Register                      ; Fan out ;
+----------------------------------------+---------+
; div_clk:clk_1|cnt1[0]                  ; 4       ;
; Total number of inverted registers = 1 ;         ;
+----------------------------------------+---------+


+---------------------------------------------------------+
; Source assignments for RO:ro_1                          ;
+------------------------------+-------+------+-----------+
; Assignment                   ; Value ; From ; To        ;
+------------------------------+-------+------+-----------+
; IGNORE_LCELL_BUFFERS         ; off   ; -    ; chain[50] ;
; REMOVE_REDUNDANT_LOGIC_CELLS ; off   ; -    ; chain[50] ;
; IGNORE_LCELL_BUFFERS         ; off   ; -    ; chain[49] ;
; REMOVE_REDUNDANT_LOGIC_CELLS ; off   ; -    ; chain[49] ;
; IGNORE_LCELL_BUFFERS         ; off   ; -    ; chain[48] ;
; REMOVE_REDUNDANT_LOGIC_CELLS ; off   ; -    ; chain[48] ;
; IGNORE_LCELL_BUFFERS         ; off   ; -    ; chain[47] ;
; REMOVE_REDUNDANT_LOGIC_CELLS ; off   ; -    ; chain[47] ;
; IGNORE_LCELL_BUFFERS         ; off   ; -    ; chain[46] ;
; REMOVE_REDUNDANT_LOGIC_CELLS ; off   ; -    ; chain[46] ;
; IGNORE_LCELL_BUFFERS         ; off   ; -    ; chain[45] ;
; REMOVE_REDUNDANT_LOGIC_CELLS ; off   ; -    ; chain[45] ;
; IGNORE_LCELL_BUFFERS         ; off   ; -    ; chain[44] ;
; REMOVE_REDUNDANT_LOGIC_CELLS ; off   ; -    ; chain[44] ;
; IGNORE_LCELL_BUFFERS         ; off   ; -    ; chain[43] ;
; REMOVE_REDUNDANT_LOGIC_CELLS ; off   ; -    ; chain[43] ;
; IGNORE_LCELL_BUFFERS         ; off   ; -    ; chain[42] ;
; REMOVE_REDUNDANT_LOGIC_CELLS ; off   ; -    ; chain[42] ;
; IGNORE_LCELL_BUFFERS         ; off   ; -    ; chain[41] ;
; REMOVE_REDUNDANT_LOGIC_CELLS ; off   ; -    ; chain[41] ;
; IGNORE_LCELL_BUFFERS         ; off   ; -    ; chain[40] ;
; REMOVE_REDUNDANT_LOGIC_CELLS ; off   ; -    ; chain[40] ;
; IGNORE_LCELL_BUFFERS         ; off   ; -    ; chain[39] ;
; REMOVE_REDUNDANT_LOGIC_CELLS ; off   ; -    ; chain[39] ;
; IGNORE_LCELL_BUFFERS         ; off   ; -    ; chain[38] ;
; REMOVE_REDUNDANT_LOGIC_CELLS ; off   ; -    ; chain[38] ;
; IGNORE_LCELL_BUFFERS         ; off   ; -    ; chain[37] ;
; REMOVE_REDUNDANT_LOGIC_CELLS ; off   ; -    ; chain[37] ;
; IGNORE_LCELL_BUFFERS         ; off   ; -    ; chain[36] ;
; REMOVE_REDUNDANT_LOGIC_CELLS ; off   ; -    ; chain[36] ;
; IGNORE_LCELL_BUFFERS         ; off   ; -    ; chain[35] ;
; REMOVE_REDUNDANT_LOGIC_CELLS ; off   ; -    ; chain[35] ;
; IGNORE_LCELL_BUFFERS         ; off   ; -    ; chain[34] ;
; REMOVE_REDUNDANT_LOGIC_CELLS ; off   ; -    ; chain[34] ;
; IGNORE_LCELL_BUFFERS         ; off   ; -    ; chain[33] ;
; REMOVE_REDUNDANT_LOGIC_CELLS ; off   ; -    ; chain[33] ;
; IGNORE_LCELL_BUFFERS         ; off   ; -    ; chain[32] ;
; REMOVE_REDUNDANT_LOGIC_CELLS ; off   ; -    ; chain[32] ;
; IGNORE_LCELL_BUFFERS         ; off   ; -    ; chain[31] ;
; REMOVE_REDUNDANT_LOGIC_CELLS ; off   ; -    ; chain[31] ;
; IGNORE_LCELL_BUFFERS         ; off   ; -    ; chain[30] ;
; REMOVE_REDUNDANT_LOGIC_CELLS ; off   ; -    ; chain[30] ;
; IGNORE_LCELL_BUFFERS         ; off   ; -    ; chain[29] ;
; REMOVE_REDUNDANT_LOGIC_CELLS ; off   ; -    ; chain[29] ;
; IGNORE_LCELL_BUFFERS         ; off   ; -    ; chain[28] ;
; REMOVE_REDUNDANT_LOGIC_CELLS ; off   ; -    ; chain[28] ;
; IGNORE_LCELL_BUFFERS         ; off   ; -    ; chain[27] ;
; REMOVE_REDUNDANT_LOGIC_CELLS ; off   ; -    ; chain[27] ;
; IGNORE_LCELL_BUFFERS         ; off   ; -    ; chain[26] ;
; REMOVE_REDUNDANT_LOGIC_CELLS ; off   ; -    ; chain[26] ;
; IGNORE_LCELL_BUFFERS         ; off   ; -    ; chain[25] ;
; REMOVE_REDUNDANT_LOGIC_CELLS ; off   ; -    ; chain[25] ;
; IGNORE_LCELL_BUFFERS         ; off   ; -    ; chain[24] ;
; REMOVE_REDUNDANT_LOGIC_CELLS ; off   ; -    ; chain[24] ;
; IGNORE_LCELL_BUFFERS         ; off   ; -    ; chain[23] ;
; REMOVE_REDUNDANT_LOGIC_CELLS ; off   ; -    ; chain[23] ;
; IGNORE_LCELL_BUFFERS         ; off   ; -    ; chain[22] ;
; REMOVE_REDUNDANT_LOGIC_CELLS ; off   ; -    ; chain[22] ;
; IGNORE_LCELL_BUFFERS         ; off   ; -    ; chain[21] ;
; REMOVE_REDUNDANT_LOGIC_CELLS ; off   ; -    ; chain[21] ;
; IGNORE_LCELL_BUFFERS         ; off   ; -    ; chain[20] ;
; REMOVE_REDUNDANT_LOGIC_CELLS ; off   ; -    ; chain[20] ;
; IGNORE_LCELL_BUFFERS         ; off   ; -    ; chain[19] ;
; REMOVE_REDUNDANT_LOGIC_CELLS ; off   ; -    ; chain[19] ;
; IGNORE_LCELL_BUFFERS         ; off   ; -    ; chain[18] ;
; REMOVE_REDUNDANT_LOGIC_CELLS ; off   ; -    ; chain[18] ;
; IGNORE_LCELL_BUFFERS         ; off   ; -    ; chain[17] ;
; REMOVE_REDUNDANT_LOGIC_CELLS ; off   ; -    ; chain[17] ;
; IGNORE_LCELL_BUFFERS         ; off   ; -    ; chain[16] ;
; REMOVE_REDUNDANT_LOGIC_CELLS ; off   ; -    ; chain[16] ;
; IGNORE_LCELL_BUFFERS         ; off   ; -    ; chain[15] ;
; REMOVE_REDUNDANT_LOGIC_CELLS ; off   ; -    ; chain[15] ;
; IGNORE_LCELL_BUFFERS         ; off   ; -    ; chain[14] ;
; REMOVE_REDUNDANT_LOGIC_CELLS ; off   ; -    ; chain[14] ;
; IGNORE_LCELL_BUFFERS         ; off   ; -    ; chain[13] ;
; REMOVE_REDUNDANT_LOGIC_CELLS ; off   ; -    ; chain[13] ;
; IGNORE_LCELL_BUFFERS         ; off   ; -    ; chain[12] ;
; REMOVE_REDUNDANT_LOGIC_CELLS ; off   ; -    ; chain[12] ;
; IGNORE_LCELL_BUFFERS         ; off   ; -    ; chain[11] ;
; REMOVE_REDUNDANT_LOGIC_CELLS ; off   ; -    ; chain[11] ;
; IGNORE_LCELL_BUFFERS         ; off   ; -    ; chain[10] ;
; REMOVE_REDUNDANT_LOGIC_CELLS ; off   ; -    ; chain[10] ;
; IGNORE_LCELL_BUFFERS         ; off   ; -    ; chain[9]  ;
; REMOVE_REDUNDANT_LOGIC_CELLS ; off   ; -    ; chain[9]  ;
; IGNORE_LCELL_BUFFERS         ; off   ; -    ; chain[8]  ;
; REMOVE_REDUNDANT_LOGIC_CELLS ; off   ; -    ; chain[8]  ;
; IGNORE_LCELL_BUFFERS         ; off   ; -    ; chain[7]  ;
; REMOVE_REDUNDANT_LOGIC_CELLS ; off   ; -    ; chain[7]  ;
; IGNORE_LCELL_BUFFERS         ; off   ; -    ; chain[6]  ;
; REMOVE_REDUNDANT_LOGIC_CELLS ; off   ; -    ; chain[6]  ;
; IGNORE_LCELL_BUFFERS         ; off   ; -    ; chain[5]  ;
; REMOVE_REDUNDANT_LOGIC_CELLS ; off   ; -    ; chain[5]  ;
; IGNORE_LCELL_BUFFERS         ; off   ; -    ; chain[4]  ;
; REMOVE_REDUNDANT_LOGIC_CELLS ; off   ; -    ; chain[4]  ;
; IGNORE_LCELL_BUFFERS         ; off   ; -    ; chain[3]  ;
; REMOVE_REDUNDANT_LOGIC_CELLS ; off   ; -    ; chain[3]  ;
; IGNORE_LCELL_BUFFERS         ; off   ; -    ; chain[2]  ;
; REMOVE_REDUNDANT_LOGIC_CELLS ; off   ; -    ; chain[2]  ;
; IGNORE_LCELL_BUFFERS         ; off   ; -    ; chain[1]  ;
; REMOVE_REDUNDANT_LOGIC_CELLS ; off   ; -    ; chain[1]  ;
; IGNORE_LCELL_BUFFERS         ; off   ; -    ; chain[0]  ;
; REMOVE_REDUNDANT_LOGIC_CELLS ; off   ; -    ; chain[0]  ;
+------------------------------+-------+------+-----------+


+---------------------------------------------------------+
; Source assignments for RO:ro_2                          ;
+------------------------------+-------+------+-----------+
; Assignment                   ; Value ; From ; To        ;
+------------------------------+-------+------+-----------+
; IGNORE_LCELL_BUFFERS         ; off   ; -    ; chain[50] ;
; REMOVE_REDUNDANT_LOGIC_CELLS ; off   ; -    ; chain[50] ;
; IGNORE_LCELL_BUFFERS         ; off   ; -    ; chain[49] ;
; REMOVE_REDUNDANT_LOGIC_CELLS ; off   ; -    ; chain[49] ;
; IGNORE_LCELL_BUFFERS         ; off   ; -    ; chain[48] ;
; REMOVE_REDUNDANT_LOGIC_CELLS ; off   ; -    ; chain[48] ;
; IGNORE_LCELL_BUFFERS         ; off   ; -    ; chain[47] ;
; REMOVE_REDUNDANT_LOGIC_CELLS ; off   ; -    ; chain[47] ;
; IGNORE_LCELL_BUFFERS         ; off   ; -    ; chain[46] ;
; REMOVE_REDUNDANT_LOGIC_CELLS ; off   ; -    ; chain[46] ;
; IGNORE_LCELL_BUFFERS         ; off   ; -    ; chain[45] ;
; REMOVE_REDUNDANT_LOGIC_CELLS ; off   ; -    ; chain[45] ;
; IGNORE_LCELL_BUFFERS         ; off   ; -    ; chain[44] ;
; REMOVE_REDUNDANT_LOGIC_CELLS ; off   ; -    ; chain[44] ;
; IGNORE_LCELL_BUFFERS         ; off   ; -    ; chain[43] ;
; REMOVE_REDUNDANT_LOGIC_CELLS ; off   ; -    ; chain[43] ;
; IGNORE_LCELL_BUFFERS         ; off   ; -    ; chain[42] ;
; REMOVE_REDUNDANT_LOGIC_CELLS ; off   ; -    ; chain[42] ;
; IGNORE_LCELL_BUFFERS         ; off   ; -    ; chain[41] ;
; REMOVE_REDUNDANT_LOGIC_CELLS ; off   ; -    ; chain[41] ;
; IGNORE_LCELL_BUFFERS         ; off   ; -    ; chain[40] ;
; REMOVE_REDUNDANT_LOGIC_CELLS ; off   ; -    ; chain[40] ;
; IGNORE_LCELL_BUFFERS         ; off   ; -    ; chain[39] ;
; REMOVE_REDUNDANT_LOGIC_CELLS ; off   ; -    ; chain[39] ;
; IGNORE_LCELL_BUFFERS         ; off   ; -    ; chain[38] ;
; REMOVE_REDUNDANT_LOGIC_CELLS ; off   ; -    ; chain[38] ;
; IGNORE_LCELL_BUFFERS         ; off   ; -    ; chain[37] ;
; REMOVE_REDUNDANT_LOGIC_CELLS ; off   ; -    ; chain[37] ;
; IGNORE_LCELL_BUFFERS         ; off   ; -    ; chain[36] ;
; REMOVE_REDUNDANT_LOGIC_CELLS ; off   ; -    ; chain[36] ;
; IGNORE_LCELL_BUFFERS         ; off   ; -    ; chain[35] ;
; REMOVE_REDUNDANT_LOGIC_CELLS ; off   ; -    ; chain[35] ;
; IGNORE_LCELL_BUFFERS         ; off   ; -    ; chain[34] ;
; REMOVE_REDUNDANT_LOGIC_CELLS ; off   ; -    ; chain[34] ;
; IGNORE_LCELL_BUFFERS         ; off   ; -    ; chain[33] ;
; REMOVE_REDUNDANT_LOGIC_CELLS ; off   ; -    ; chain[33] ;
; IGNORE_LCELL_BUFFERS         ; off   ; -    ; chain[32] ;
; REMOVE_REDUNDANT_LOGIC_CELLS ; off   ; -    ; chain[32] ;
; IGNORE_LCELL_BUFFERS         ; off   ; -    ; chain[31] ;
; REMOVE_REDUNDANT_LOGIC_CELLS ; off   ; -    ; chain[31] ;
; IGNORE_LCELL_BUFFERS         ; off   ; -    ; chain[30] ;
; REMOVE_REDUNDANT_LOGIC_CELLS ; off   ; -    ; chain[30] ;
; IGNORE_LCELL_BUFFERS         ; off   ; -    ; chain[29] ;
; REMOVE_REDUNDANT_LOGIC_CELLS ; off   ; -    ; chain[29] ;
; IGNORE_LCELL_BUFFERS         ; off   ; -    ; chain[28] ;
; REMOVE_REDUNDANT_LOGIC_CELLS ; off   ; -    ; chain[28] ;
; IGNORE_LCELL_BUFFERS         ; off   ; -    ; chain[27] ;
; REMOVE_REDUNDANT_LOGIC_CELLS ; off   ; -    ; chain[27] ;
; IGNORE_LCELL_BUFFERS         ; off   ; -    ; chain[26] ;
; REMOVE_REDUNDANT_LOGIC_CELLS ; off   ; -    ; chain[26] ;
; IGNORE_LCELL_BUFFERS         ; off   ; -    ; chain[25] ;
; REMOVE_REDUNDANT_LOGIC_CELLS ; off   ; -    ; chain[25] ;
; IGNORE_LCELL_BUFFERS         ; off   ; -    ; chain[24] ;
; REMOVE_REDUNDANT_LOGIC_CELLS ; off   ; -    ; chain[24] ;
; IGNORE_LCELL_BUFFERS         ; off   ; -    ; chain[23] ;
; REMOVE_REDUNDANT_LOGIC_CELLS ; off   ; -    ; chain[23] ;
; IGNORE_LCELL_BUFFERS         ; off   ; -    ; chain[22] ;
; REMOVE_REDUNDANT_LOGIC_CELLS ; off   ; -    ; chain[22] ;
; IGNORE_LCELL_BUFFERS         ; off   ; -    ; chain[21] ;
; REMOVE_REDUNDANT_LOGIC_CELLS ; off   ; -    ; chain[21] ;
; IGNORE_LCELL_BUFFERS         ; off   ; -    ; chain[20] ;
; REMOVE_REDUNDANT_LOGIC_CELLS ; off   ; -    ; chain[20] ;
; IGNORE_LCELL_BUFFERS         ; off   ; -    ; chain[19] ;
; REMOVE_REDUNDANT_LOGIC_CELLS ; off   ; -    ; chain[19] ;
; IGNORE_LCELL_BUFFERS         ; off   ; -    ; chain[18] ;
; REMOVE_REDUNDANT_LOGIC_CELLS ; off   ; -    ; chain[18] ;
; IGNORE_LCELL_BUFFERS         ; off   ; -    ; chain[17] ;
; REMOVE_REDUNDANT_LOGIC_CELLS ; off   ; -    ; chain[17] ;
; IGNORE_LCELL_BUFFERS         ; off   ; -    ; chain[16] ;
; REMOVE_REDUNDANT_LOGIC_CELLS ; off   ; -    ; chain[16] ;
; IGNORE_LCELL_BUFFERS         ; off   ; -    ; chain[15] ;
; REMOVE_REDUNDANT_LOGIC_CELLS ; off   ; -    ; chain[15] ;
; IGNORE_LCELL_BUFFERS         ; off   ; -    ; chain[14] ;
; REMOVE_REDUNDANT_LOGIC_CELLS ; off   ; -    ; chain[14] ;
; IGNORE_LCELL_BUFFERS         ; off   ; -    ; chain[13] ;
; REMOVE_REDUNDANT_LOGIC_CELLS ; off   ; -    ; chain[13] ;
; IGNORE_LCELL_BUFFERS         ; off   ; -    ; chain[12] ;
; REMOVE_REDUNDANT_LOGIC_CELLS ; off   ; -    ; chain[12] ;
; IGNORE_LCELL_BUFFERS         ; off   ; -    ; chain[11] ;
; REMOVE_REDUNDANT_LOGIC_CELLS ; off   ; -    ; chain[11] ;
; IGNORE_LCELL_BUFFERS         ; off   ; -    ; chain[10] ;
; REMOVE_REDUNDANT_LOGIC_CELLS ; off   ; -    ; chain[10] ;
; IGNORE_LCELL_BUFFERS         ; off   ; -    ; chain[9]  ;
; REMOVE_REDUNDANT_LOGIC_CELLS ; off   ; -    ; chain[9]  ;
; IGNORE_LCELL_BUFFERS         ; off   ; -    ; chain[8]  ;
; REMOVE_REDUNDANT_LOGIC_CELLS ; off   ; -    ; chain[8]  ;
; IGNORE_LCELL_BUFFERS         ; off   ; -    ; chain[7]  ;
; REMOVE_REDUNDANT_LOGIC_CELLS ; off   ; -    ; chain[7]  ;
; IGNORE_LCELL_BUFFERS         ; off   ; -    ; chain[6]  ;
; REMOVE_REDUNDANT_LOGIC_CELLS ; off   ; -    ; chain[6]  ;
; IGNORE_LCELL_BUFFERS         ; off   ; -    ; chain[5]  ;
; REMOVE_REDUNDANT_LOGIC_CELLS ; off   ; -    ; chain[5]  ;
; IGNORE_LCELL_BUFFERS         ; off   ; -    ; chain[4]  ;
; REMOVE_REDUNDANT_LOGIC_CELLS ; off   ; -    ; chain[4]  ;
; IGNORE_LCELL_BUFFERS         ; off   ; -    ; chain[3]  ;
; REMOVE_REDUNDANT_LOGIC_CELLS ; off   ; -    ; chain[3]  ;
; IGNORE_LCELL_BUFFERS         ; off   ; -    ; chain[2]  ;
; REMOVE_REDUNDANT_LOGIC_CELLS ; off   ; -    ; chain[2]  ;
; IGNORE_LCELL_BUFFERS         ; off   ; -    ; chain[1]  ;
; REMOVE_REDUNDANT_LOGIC_CELLS ; off   ; -    ; chain[1]  ;
; IGNORE_LCELL_BUFFERS         ; off   ; -    ; chain[0]  ;
; REMOVE_REDUNDANT_LOGIC_CELLS ; off   ; -    ; chain[0]  ;
+------------------------------+-------+------+-----------+


+------------------------------------------------------------+
; Parameter Settings for User Entity Instance: div_clk:clk_1 ;
+----------------+----------+--------------------------------+
; Parameter Name ; Value    ; Type                           ;
+----------------+----------+--------------------------------+
; divisor        ; 50000000 ; Signed Integer                 ;
+----------------+----------+--------------------------------+
Note: In order to hide this table in the UI and the text report file, please set the "Show Parameter Settings in Synthesis Report" option in "Analysis and Synthesis Settings -> More Settings" to "Off".


+------------------------------------------------------------------+
; Parameter Settings for Inferred Entity Instance: lpm_divide:Mod0 ;
+------------------------+----------------+------------------------+
; Parameter Name         ; Value          ; Type                   ;
+------------------------+----------------+------------------------+
; LPM_WIDTHN             ; 31             ; Untyped                ;
; LPM_WIDTHD             ; 31             ; Untyped                ;
; LPM_NREPRESENTATION    ; UNSIGNED       ; Untyped                ;
; LPM_DREPRESENTATION    ; UNSIGNED       ; Untyped                ;
; LPM_PIPELINE           ; 0              ; Untyped                ;
; LPM_REMAINDERPOSITIVE  ; TRUE           ; Untyped                ;
; MAXIMIZE_SPEED         ; 5              ; Untyped                ;
; CBXI_PARAMETER         ; lpm_divide_icm ; Untyped                ;
; CARRY_CHAIN            ; MANUAL         ; Untyped                ;
; OPTIMIZE_FOR_SPEED     ; 5              ; Untyped                ;
; AUTO_CARRY_CHAINS      ; ON             ; AUTO_CARRY             ;
; IGNORE_CARRY_BUFFERS   ; OFF            ; IGNORE_CARRY           ;
; AUTO_CASCADE_CHAINS    ; ON             ; AUTO_CASCADE           ;
; IGNORE_CASCADE_BUFFERS ; OFF            ; IGNORE_CASCADE         ;
+------------------------+----------------+------------------------+
Note: In order to hide this table in the UI and the text report file, please set the "Show Parameter Settings in Synthesis Report" option in "Analysis and Synthesis Settings -> More Settings" to "Off".


+------------------------------------------------------------------+
; Parameter Settings for Inferred Entity Instance: lpm_divide:Mod1 ;
+------------------------+----------------+------------------------+
; Parameter Name         ; Value          ; Type                   ;
+------------------------+----------------+------------------------+
; LPM_WIDTHN             ; 31             ; Untyped                ;
; LPM_WIDTHD             ; 31             ; Untyped                ;
; LPM_NREPRESENTATION    ; UNSIGNED       ; Untyped                ;
; LPM_DREPRESENTATION    ; UNSIGNED       ; Untyped                ;
; LPM_PIPELINE           ; 0              ; Untyped                ;
; LPM_REMAINDERPOSITIVE  ; TRUE           ; Untyped                ;
; MAXIMIZE_SPEED         ; 5              ; Untyped                ;
; CBXI_PARAMETER         ; lpm_divide_icm ; Untyped                ;
; CARRY_CHAIN            ; MANUAL         ; Untyped                ;
; OPTIMIZE_FOR_SPEED     ; 5              ; Untyped                ;
; AUTO_CARRY_CHAINS      ; ON             ; AUTO_CARRY             ;
; IGNORE_CARRY_BUFFERS   ; OFF            ; IGNORE_CARRY           ;
; AUTO_CASCADE_CHAINS    ; ON             ; AUTO_CASCADE           ;
; IGNORE_CASCADE_BUFFERS ; OFF            ; IGNORE_CASCADE         ;
+------------------------+----------------+------------------------+
Note: In order to hide this table in the UI and the text report file, please set the "Show Parameter Settings in Synthesis Report" option in "Analysis and Synthesis Settings -> More Settings" to "Off".


+--------------------------------------------+
; Port Connectivity Checks: "RO:ro_2"        ;
+----------+-------+----------+--------------+
; Port     ; Type  ; Severity ; Details      ;
+----------+-------+----------+--------------+
; n[31..5] ; Input ; Info     ; Stuck at GND ;
; n[0]     ; Input ; Info     ; Stuck at GND ;
+----------+-------+----------+--------------+


+--------------------------------------------+
; Port Connectivity Checks: "RO:ro_1"        ;
+----------+-------+----------+--------------+
; Port     ; Type  ; Severity ; Details      ;
+----------+-------+----------+--------------+
; n[31..5] ; Input ; Info     ; Stuck at GND ;
; n[0]     ; Input ; Info     ; Stuck at GND ;
+----------+-------+----------+--------------+


+-----------------------------------------------------+
; Post-Synthesis Netlist Statistics for Top Partition ;
+-----------------------+-----------------------------+
; Type                  ; Count                       ;
+-----------------------+-----------------------------+
; boundary_port         ; 16                          ;
; cycloneiii_ff         ; 283                         ;
;     CLR               ; 27                          ;
;     ENA CLR           ; 256                         ;
; cycloneiii_lcell_comb ; 1986                        ;
;     arith             ; 782                         ;
;         2 data inputs ; 309                         ;
;         3 data inputs ; 473                         ;
;     normal            ; 1204                        ;
;         0 data inputs ; 28                          ;
;         1 data inputs ; 46                          ;
;         2 data inputs ; 608                         ;
;         3 data inputs ; 87                          ;
;         4 data inputs ; 435                         ;
;                       ;                             ;
; Max LUT depth         ; 41.90                       ;
; Average LUT depth     ; 28.25                       ;
+-----------------------+-----------------------------+


+-------------------------------+
; Elapsed Time Per Partition    ;
+----------------+--------------+
; Partition Name ; Elapsed Time ;
+----------------+--------------+
; Top            ; 00:00:02     ;
+----------------+--------------+


+-------------------------------+
; Analysis & Synthesis Messages ;
+-------------------------------+
Info: *******************************************************************
Info: Running Quartus Prime Analysis & Synthesis
    Info: Version 21.1.1 Build 850 06/23/2022 SJ Lite Edition
    Info: Processing started: Tue Jan 10 15:22:49 2023
Info: Command: quartus_map --read_settings_files=on --write_settings_files=off lab9 -c lab9
Warning (18236): Number of processors has not been specified which may cause overloading on shared machines.  Set the global assignment NUM_PARALLEL_PROCESSORS in your QSF to an appropriate value for best performance.
Info (20030): Parallel compilation is enabled and will use 4 of the 4 processors detected
Info (12021): Found 2 design units, including 1 entities, in source file lab9.vhd
    Info (12022): Found design unit 1: lab9-ar File: D:/quartus/lab9_test/lab9/lab9/lab9.vhd Line: 19
    Info (12023): Found entity 1: lab9 File: D:/quartus/lab9_test/lab9/lab9/lab9.vhd Line: 7
Info (12021): Found 2 design units, including 1 entities, in source file ro.vhd
    Info (12022): Found design unit 1: RO-behavior File: D:/quartus/lab9_test/lab9/lab9/RO.vhd Line: 14
    Info (12023): Found entity 1: RO File: D:/quartus/lab9_test/lab9/lab9/RO.vhd Line: 6
Info (12021): Found 2 design units, including 1 entities, in source file div_clk.vhd
    Info (12022): Found design unit 1: div_clk-arch File: D:/quartus/lab9_test/lab9/lab9/div_clk.vhd Line: 14
    Info (12023): Found entity 1: div_clk File: D:/quartus/lab9_test/lab9/lab9/div_clk.vhd Line: 5
Info (12021): Found 1 design units, including 0 entities, in source file lab9_pkg.vhd
    Info (12022): Found design unit 1: lab9_pkg File: D:/quartus/lab9_test/lab9/lab9/lab9_pkg.vhd Line: 3
Info (12021): Found 2 design units, including 1 entities, in source file cal_freq.vhd
    Info (12022): Found design unit 1: cal_freq-behavior File: D:/quartus/lab9_test/lab9/lab9/cal_freq.vhd Line: 15
    Info (12023): Found entity 1: cal_freq File: D:/quartus/lab9_test/lab9/lab9/cal_freq.vhd Line: 6
Info (12127): Elaborating entity "lab9" for the top level hierarchy
Warning (10027): Verilog HDL or VHDL warning at the lab9.vhd(39): index expression is not wide enough to address all of the elements in the array File: D:/quartus/lab9_test/lab9/lab9/lab9.vhd Line: 39
Info (10041): Inferred latch for "led[0]" at lab9.vhd(39) File: D:/quartus/lab9_test/lab9/lab9/lab9.vhd Line: 39
Info (10041): Inferred latch for "led[1]" at lab9.vhd(39) File: D:/quartus/lab9_test/lab9/lab9/lab9.vhd Line: 39
Info (10041): Inferred latch for "led[2]" at lab9.vhd(39) File: D:/quartus/lab9_test/lab9/lab9/lab9.vhd Line: 39
Info (10041): Inferred latch for "led[3]" at lab9.vhd(39) File: D:/quartus/lab9_test/lab9/lab9/lab9.vhd Line: 39
Info (10041): Inferred latch for "led[4]" at lab9.vhd(39) File: D:/quartus/lab9_test/lab9/lab9/lab9.vhd Line: 39
Info (10041): Inferred latch for "led[5]" at lab9.vhd(39) File: D:/quartus/lab9_test/lab9/lab9/lab9.vhd Line: 39
Info (10041): Inferred latch for "led[6]" at lab9.vhd(39) File: D:/quartus/lab9_test/lab9/lab9/lab9.vhd Line: 39
Info (10041): Inferred latch for "led[7]" at lab9.vhd(39) File: D:/quartus/lab9_test/lab9/lab9/lab9.vhd Line: 39
Info (12128): Elaborating entity "div_clk" for hierarchy "div_clk:clk_1" File: D:/quartus/lab9_test/lab9/lab9/lab9.vhd Line: 42
Warning (10492): VHDL Process Statement warning at div_clk.vhd(34): signal "cnt2" is read inside the Process Statement but isn't in the Process Statement's sensitivity list File: D:/quartus/lab9_test/lab9/lab9/div_clk.vhd Line: 34
Info (12128): Elaborating entity "RO" for hierarchy "RO:ro_1" File: D:/quartus/lab9_test/lab9/lab9/lab9.vhd Line: 43
Warning (10492): VHDL Process Statement warning at RO.vhd(24): signal "chain" is read inside the Process Statement but isn't in the Process Statement's sensitivity list File: D:/quartus/lab9_test/lab9/lab9/RO.vhd Line: 24
Warning (10492): VHDL Process Statement warning at RO.vhd(25): signal "n" is read inside the Process Statement but isn't in the Process Statement's sensitivity list File: D:/quartus/lab9_test/lab9/lab9/RO.vhd Line: 25
Warning (10631): VHDL Process Statement warning at RO.vhd(21): inferring latch(es) for signal or variable "chain", which holds its previous value in one or more paths through the process File: D:/quartus/lab9_test/lab9/lab9/RO.vhd Line: 21
Info (10041): Inferred latch for "chain[2]" at RO.vhd(21) File: D:/quartus/lab9_test/lab9/lab9/RO.vhd Line: 21
Info (10041): Inferred latch for "chain[3]" at RO.vhd(21) File: D:/quartus/lab9_test/lab9/lab9/RO.vhd Line: 21
Info (10041): Inferred latch for "chain[4]" at RO.vhd(21) File: D:/quartus/lab9_test/lab9/lab9/RO.vhd Line: 21
Info (10041): Inferred latch for "chain[5]" at RO.vhd(21) File: D:/quartus/lab9_test/lab9/lab9/RO.vhd Line: 21
Info (10041): Inferred latch for "chain[6]" at RO.vhd(21) File: D:/quartus/lab9_test/lab9/lab9/RO.vhd Line: 21
Info (10041): Inferred latch for "chain[7]" at RO.vhd(21) File: D:/quartus/lab9_test/lab9/lab9/RO.vhd Line: 21
Info (10041): Inferred latch for "chain[8]" at RO.vhd(21) File: D:/quartus/lab9_test/lab9/lab9/RO.vhd Line: 21
Info (10041): Inferred latch for "chain[9]" at RO.vhd(21) File: D:/quartus/lab9_test/lab9/lab9/RO.vhd Line: 21
Info (10041): Inferred latch for "chain[10]" at RO.vhd(21) File: D:/quartus/lab9_test/lab9/lab9/RO.vhd Line: 21
Info (10041): Inferred latch for "chain[11]" at RO.vhd(21) File: D:/quartus/lab9_test/lab9/lab9/RO.vhd Line: 21
Info (10041): Inferred latch for "chain[12]" at RO.vhd(21) File: D:/quartus/lab9_test/lab9/lab9/RO.vhd Line: 21
Info (10041): Inferred latch for "chain[13]" at RO.vhd(21) File: D:/quartus/lab9_test/lab9/lab9/RO.vhd Line: 21
Info (10041): Inferred latch for "chain[14]" at RO.vhd(21) File: D:/quartus/lab9_test/lab9/lab9/RO.vhd Line: 21
Info (10041): Inferred latch for "chain[15]" at RO.vhd(21) File: D:/quartus/lab9_test/lab9/lab9/RO.vhd Line: 21
Info (10041): Inferred latch for "chain[16]" at RO.vhd(21) File: D:/quartus/lab9_test/lab9/lab9/RO.vhd Line: 21
Info (10041): Inferred latch for "chain[17]" at RO.vhd(21) File: D:/quartus/lab9_test/lab9/lab9/RO.vhd Line: 21
Info (10041): Inferred latch for "chain[18]" at RO.vhd(21) File: D:/quartus/lab9_test/lab9/lab9/RO.vhd Line: 21
Info (10041): Inferred latch for "chain[19]" at RO.vhd(21) File: D:/quartus/lab9_test/lab9/lab9/RO.vhd Line: 21
Info (10041): Inferred latch for "chain[20]" at RO.vhd(21) File: D:/quartus/lab9_test/lab9/lab9/RO.vhd Line: 21
Info (10041): Inferred latch for "chain[21]" at RO.vhd(21) File: D:/quartus/lab9_test/lab9/lab9/RO.vhd Line: 21
Info (10041): Inferred latch for "chain[22]" at RO.vhd(21) File: D:/quartus/lab9_test/lab9/lab9/RO.vhd Line: 21
Info (10041): Inferred latch for "chain[23]" at RO.vhd(21) File: D:/quartus/lab9_test/lab9/lab9/RO.vhd Line: 21
Info (10041): Inferred latch for "chain[24]" at RO.vhd(21) File: D:/quartus/lab9_test/lab9/lab9/RO.vhd Line: 21
Info (10041): Inferred latch for "chain[25]" at RO.vhd(21) File: D:/quartus/lab9_test/lab9/lab9/RO.vhd Line: 21
Info (10041): Inferred latch for "chain[26]" at RO.vhd(21) File: D:/quartus/lab9_test/lab9/lab9/RO.vhd Line: 21
Info (10041): Inferred latch for "chain[27]" at RO.vhd(21) File: D:/quartus/lab9_test/lab9/lab9/RO.vhd Line: 21
Info (10041): Inferred latch for "chain[28]" at RO.vhd(21) File: D:/quartus/lab9_test/lab9/lab9/RO.vhd Line: 21
Info (10041): Inferred latch for "chain[29]" at RO.vhd(21) File: D:/quartus/lab9_test/lab9/lab9/RO.vhd Line: 21
Info (10041): Inferred latch for "chain[30]" at RO.vhd(21) File: D:/quartus/lab9_test/lab9/lab9/RO.vhd Line: 21
Info (10041): Inferred latch for "chain[31]" at RO.vhd(21) File: D:/quartus/lab9_test/lab9/lab9/RO.vhd Line: 21
Info (10041): Inferred latch for "chain[32]" at RO.vhd(21) File: D:/quartus/lab9_test/lab9/lab9/RO.vhd Line: 21
Info (10041): Inferred latch for "chain[33]" at RO.vhd(21) File: D:/quartus/lab9_test/lab9/lab9/RO.vhd Line: 21
Info (10041): Inferred latch for "chain[34]" at RO.vhd(21) File: D:/quartus/lab9_test/lab9/lab9/RO.vhd Line: 21
Info (10041): Inferred latch for "chain[35]" at RO.vhd(21) File: D:/quartus/lab9_test/lab9/lab9/RO.vhd Line: 21
Info (10041): Inferred latch for "chain[36]" at RO.vhd(21) File: D:/quartus/lab9_test/lab9/lab9/RO.vhd Line: 21
Info (10041): Inferred latch for "chain[37]" at RO.vhd(21) File: D:/quartus/lab9_test/lab9/lab9/RO.vhd Line: 21
Info (10041): Inferred latch for "chain[38]" at RO.vhd(21) File: D:/quartus/lab9_test/lab9/lab9/RO.vhd Line: 21
Info (10041): Inferred latch for "chain[39]" at RO.vhd(21) File: D:/quartus/lab9_test/lab9/lab9/RO.vhd Line: 21
Info (10041): Inferred latch for "chain[40]" at RO.vhd(21) File: D:/quartus/lab9_test/lab9/lab9/RO.vhd Line: 21
Info (10041): Inferred latch for "chain[41]" at RO.vhd(21) File: D:/quartus/lab9_test/lab9/lab9/RO.vhd Line: 21
Info (10041): Inferred latch for "chain[42]" at RO.vhd(21) File: D:/quartus/lab9_test/lab9/lab9/RO.vhd Line: 21
Info (10041): Inferred latch for "chain[43]" at RO.vhd(21) File: D:/quartus/lab9_test/lab9/lab9/RO.vhd Line: 21
Info (10041): Inferred latch for "chain[44]" at RO.vhd(21) File: D:/quartus/lab9_test/lab9/lab9/RO.vhd Line: 21
Info (10041): Inferred latch for "chain[45]" at RO.vhd(21) File: D:/quartus/lab9_test/lab9/lab9/RO.vhd Line: 21
Info (10041): Inferred latch for "chain[46]" at RO.vhd(21) File: D:/quartus/lab9_test/lab9/lab9/RO.vhd Line: 21
Info (10041): Inferred latch for "chain[47]" at RO.vhd(21) File: D:/quartus/lab9_test/lab9/lab9/RO.vhd Line: 21
Info (10041): Inferred latch for "chain[48]" at RO.vhd(21) File: D:/quartus/lab9_test/lab9/lab9/RO.vhd Line: 21
Info (10041): Inferred latch for "chain[49]" at RO.vhd(21) File: D:/quartus/lab9_test/lab9/lab9/RO.vhd Line: 21
Info (10041): Inferred latch for "chain[50]" at RO.vhd(21) File: D:/quartus/lab9_test/lab9/lab9/RO.vhd Line: 21
Info (12128): Elaborating entity "cal_freq" for hierarchy "cal_freq:cal_freq1" File: D:/quartus/lab9_test/lab9/lab9/lab9.vhd Line: 46
Warning (14026): LATCH primitive "RO:ro_2|chain[2]_1853" is permanently enabled File: D:/quartus/lab9_test/lab9/lab9/RO.vhd Line: 21
Warning (14026): LATCH primitive "RO:ro_1|chain[2]_1853" is permanently enabled File: D:/quartus/lab9_test/lab9/lab9/RO.vhd Line: 21
Warning (14284): Synthesized away the following node(s):
    Warning (14285): Synthesized away the following LCELL buffer node(s):
        Warning (14320): Synthesized away node "RO:ro_2|chain[50]" File: D:/quartus/lab9_test/lab9/lab9/RO.vhd Line: 15
        Warning (14320): Synthesized away node "RO:ro_2|chain[49]" File: D:/quartus/lab9_test/lab9/lab9/RO.vhd Line: 15
        Warning (14320): Synthesized away node "RO:ro_2|chain[48]" File: D:/quartus/lab9_test/lab9/lab9/RO.vhd Line: 15
        Warning (14320): Synthesized away node "RO:ro_2|chain[47]" File: D:/quartus/lab9_test/lab9/lab9/RO.vhd Line: 15
        Warning (14320): Synthesized away node "RO:ro_2|chain[46]" File: D:/quartus/lab9_test/lab9/lab9/RO.vhd Line: 15
        Warning (14320): Synthesized away node "RO:ro_2|chain[45]" File: D:/quartus/lab9_test/lab9/lab9/RO.vhd Line: 15
        Warning (14320): Synthesized away node "RO:ro_2|chain[44]" File: D:/quartus/lab9_test/lab9/lab9/RO.vhd Line: 15
        Warning (14320): Synthesized away node "RO:ro_2|chain[43]" File: D:/quartus/lab9_test/lab9/lab9/RO.vhd Line: 15
        Warning (14320): Synthesized away node "RO:ro_2|chain[42]" File: D:/quartus/lab9_test/lab9/lab9/RO.vhd Line: 15
        Warning (14320): Synthesized away node "RO:ro_2|chain[41]" File: D:/quartus/lab9_test/lab9/lab9/RO.vhd Line: 15
        Warning (14320): Synthesized away node "RO:ro_2|chain[40]" File: D:/quartus/lab9_test/lab9/lab9/RO.vhd Line: 15
        Warning (14320): Synthesized away node "RO:ro_2|chain[39]" File: D:/quartus/lab9_test/lab9/lab9/RO.vhd Line: 15
        Warning (14320): Synthesized away node "RO:ro_2|chain[38]" File: D:/quartus/lab9_test/lab9/lab9/RO.vhd Line: 15
        Warning (14320): Synthesized away node "RO:ro_2|chain[37]" File: D:/quartus/lab9_test/lab9/lab9/RO.vhd Line: 15
        Warning (14320): Synthesized away node "RO:ro_2|chain[36]" File: D:/quartus/lab9_test/lab9/lab9/RO.vhd Line: 15
        Warning (14320): Synthesized away node "RO:ro_2|chain[35]" File: D:/quartus/lab9_test/lab9/lab9/RO.vhd Line: 15
        Warning (14320): Synthesized away node "RO:ro_2|chain[34]" File: D:/quartus/lab9_test/lab9/lab9/RO.vhd Line: 15
        Warning (14320): Synthesized away node "RO:ro_2|chain[33]" File: D:/quartus/lab9_test/lab9/lab9/RO.vhd Line: 15
        Warning (14320): Synthesized away node "RO:ro_2|chain[32]" File: D:/quartus/lab9_test/lab9/lab9/RO.vhd Line: 15
        Warning (14320): Synthesized away node "RO:ro_2|chain[31]" File: D:/quartus/lab9_test/lab9/lab9/RO.vhd Line: 15
        Warning (14320): Synthesized away node "RO:ro_1|chain[50]" File: D:/quartus/lab9_test/lab9/lab9/RO.vhd Line: 15
        Warning (14320): Synthesized away node "RO:ro_1|chain[49]" File: D:/quartus/lab9_test/lab9/lab9/RO.vhd Line: 15
        Warning (14320): Synthesized away node "RO:ro_1|chain[48]" File: D:/quartus/lab9_test/lab9/lab9/RO.vhd Line: 15
        Warning (14320): Synthesized away node "RO:ro_1|chain[47]" File: D:/quartus/lab9_test/lab9/lab9/RO.vhd Line: 15
        Warning (14320): Synthesized away node "RO:ro_1|chain[46]" File: D:/quartus/lab9_test/lab9/lab9/RO.vhd Line: 15
        Warning (14320): Synthesized away node "RO:ro_1|chain[45]" File: D:/quartus/lab9_test/lab9/lab9/RO.vhd Line: 15
        Warning (14320): Synthesized away node "RO:ro_1|chain[44]" File: D:/quartus/lab9_test/lab9/lab9/RO.vhd Line: 15
        Warning (14320): Synthesized away node "RO:ro_1|chain[43]" File: D:/quartus/lab9_test/lab9/lab9/RO.vhd Line: 15
        Warning (14320): Synthesized away node "RO:ro_1|chain[42]" File: D:/quartus/lab9_test/lab9/lab9/RO.vhd Line: 15
        Warning (14320): Synthesized away node "RO:ro_1|chain[41]" File: D:/quartus/lab9_test/lab9/lab9/RO.vhd Line: 15
        Warning (14320): Synthesized away node "RO:ro_1|chain[40]" File: D:/quartus/lab9_test/lab9/lab9/RO.vhd Line: 15
        Warning (14320): Synthesized away node "RO:ro_1|chain[39]" File: D:/quartus/lab9_test/lab9/lab9/RO.vhd Line: 15
        Warning (14320): Synthesized away node "RO:ro_1|chain[38]" File: D:/quartus/lab9_test/lab9/lab9/RO.vhd Line: 15
        Warning (14320): Synthesized away node "RO:ro_1|chain[37]" File: D:/quartus/lab9_test/lab9/lab9/RO.vhd Line: 15
        Warning (14320): Synthesized away node "RO:ro_1|chain[36]" File: D:/quartus/lab9_test/lab9/lab9/RO.vhd Line: 15
        Warning (14320): Synthesized away node "RO:ro_1|chain[35]" File: D:/quartus/lab9_test/lab9/lab9/RO.vhd Line: 15
        Warning (14320): Synthesized away node "RO:ro_1|chain[34]" File: D:/quartus/lab9_test/lab9/lab9/RO.vhd Line: 15
        Warning (14320): Synthesized away node "RO:ro_1|chain[33]" File: D:/quartus/lab9_test/lab9/lab9/RO.vhd Line: 15
        Warning (14320): Synthesized away node "RO:ro_1|chain[32]" File: D:/quartus/lab9_test/lab9/lab9/RO.vhd Line: 15
        Warning (14320): Synthesized away node "RO:ro_1|chain[31]" File: D:/quartus/lab9_test/lab9/lab9/RO.vhd Line: 15
Warning (19016): Clock multiplexers are found and protected
    Warning (19017): Found clock multiplexer RO:ro_2|Mux0 File: D:/quartus/lab9_test/lab9/lab9/RO.vhd Line: 28
    Warning (19017): Found clock multiplexer Mux8 File: D:/quartus/lab9_test/lab9/lab9/lab9.vhd Line: 44
    Warning (19017): Found clock multiplexer Mux7 File: D:/quartus/lab9_test/lab9/lab9/lab9.vhd Line: 44
    Warning (19017): Found clock multiplexer Mux6 File: D:/quartus/lab9_test/lab9/lab9/lab9.vhd Line: 44
    Warning (19017): Found clock multiplexer Mux5 File: D:/quartus/lab9_test/lab9/lab9/lab9.vhd Line: 44
    Warning (19017): Found clock multiplexer RO:ro_1|Mux0 File: D:/quartus/lab9_test/lab9/lab9/RO.vhd Line: 28
    Warning (19017): Found clock multiplexer Mux4 File: D:/quartus/lab9_test/lab9/lab9/lab9.vhd Line: 43
    Warning (19017): Found clock multiplexer Mux3 File: D:/quartus/lab9_test/lab9/lab9/lab9.vhd Line: 43
    Warning (19017): Found clock multiplexer Mux2 File: D:/quartus/lab9_test/lab9/lab9/lab9.vhd Line: 43
    Warning (19017): Found clock multiplexer Mux1 File: D:/quartus/lab9_test/lab9/lab9/lab9.vhd Line: 43
Info (278001): Inferred 2 megafunctions from design logic
    Info (278004): Inferred divider/modulo megafunction ("lpm_divide") from the following logic: "Mod0" File: D:/quartus/lab9_test/lab9/lab9/lab9.vhd Line: 48
    Info (278004): Inferred divider/modulo megafunction ("lpm_divide") from the following logic: "Mod1" File: D:/quartus/lab9_test/lab9/lab9/lab9.vhd Line: 51
Info (12130): Elaborated megafunction instantiation "lpm_divide:Mod0" File: D:/quartus/lab9_test/lab9/lab9/lab9.vhd Line: 48
Info (12133): Instantiated megafunction "lpm_divide:Mod0" with the following parameter: File: D:/quartus/lab9_test/lab9/lab9/lab9.vhd Line: 48
    Info (12134): Parameter "LPM_WIDTHN" = "31"
    Info (12134): Parameter "LPM_WIDTHD" = "31"
    Info (12134): Parameter "LPM_NREPRESENTATION" = "UNSIGNED"
    Info (12134): Parameter "LPM_DREPRESENTATION" = "UNSIGNED"
Info (12021): Found 1 design units, including 1 entities, in source file db/lpm_divide_icm.tdf
    Info (12023): Found entity 1: lpm_divide_icm File: D:/quartus/lab9_test/lab9/lab9/db/lpm_divide_icm.tdf Line: 25
Info (12021): Found 1 design units, including 1 entities, in source file db/sign_div_unsign_7nh.tdf
    Info (12023): Found entity 1: sign_div_unsign_7nh File: D:/quartus/lab9_test/lab9/lab9/db/sign_div_unsign_7nh.tdf Line: 25
Info (12021): Found 1 design units, including 1 entities, in source file db/alt_u_div_2af.tdf
    Info (12023): Found entity 1: alt_u_div_2af File: D:/quartus/lab9_test/lab9/lab9/db/alt_u_div_2af.tdf Line: 27
Info (12021): Found 1 design units, including 1 entities, in source file db/add_sub_7pc.tdf
    Info (12023): Found entity 1: add_sub_7pc File: D:/quartus/lab9_test/lab9/lab9/db/add_sub_7pc.tdf Line: 23
Info (12021): Found 1 design units, including 1 entities, in source file db/add_sub_8pc.tdf
    Info (12023): Found entity 1: add_sub_8pc File: D:/quartus/lab9_test/lab9/lab9/db/add_sub_8pc.tdf Line: 23
Warning (13012): Latch led[0]$latch has unsafe behavior File: D:/quartus/lab9_test/lab9/lab9/lab9.vhd Line: 39
    Warning (13013): Ports D and ENA on the latch are fed by the same signal reset File: D:/quartus/lab9_test/lab9/lab9/lab9.vhd Line: 10
Warning (13012): Latch led[1]$latch has unsafe behavior File: D:/quartus/lab9_test/lab9/lab9/lab9.vhd Line: 39
    Warning (13013): Ports D and ENA on the latch are fed by the same signal reset File: D:/quartus/lab9_test/lab9/lab9/lab9.vhd Line: 10
Warning (13012): Latch led[2]$latch has unsafe behavior File: D:/quartus/lab9_test/lab9/lab9/lab9.vhd Line: 39
    Warning (13013): Ports D and ENA on the latch are fed by the same signal reset File: D:/quartus/lab9_test/lab9/lab9/lab9.vhd Line: 10
Warning (13012): Latch led[3]$latch has unsafe behavior File: D:/quartus/lab9_test/lab9/lab9/lab9.vhd Line: 39
    Warning (13013): Ports D and ENA on the latch are fed by the same signal reset File: D:/quartus/lab9_test/lab9/lab9/lab9.vhd Line: 10
Warning (13012): Latch led[4]$latch has unsafe behavior File: D:/quartus/lab9_test/lab9/lab9/lab9.vhd Line: 39
    Warning (13013): Ports D and ENA on the latch are fed by the same signal reset File: D:/quartus/lab9_test/lab9/lab9/lab9.vhd Line: 10
Warning (13012): Latch led[5]$latch has unsafe behavior File: D:/quartus/lab9_test/lab9/lab9/lab9.vhd Line: 39
    Warning (13013): Ports D and ENA on the latch are fed by the same signal reset File: D:/quartus/lab9_test/lab9/lab9/lab9.vhd Line: 10
Warning (13012): Latch led[6]$latch has unsafe behavior File: D:/quartus/lab9_test/lab9/lab9/lab9.vhd Line: 39
    Warning (13013): Ports D and ENA on the latch are fed by the same signal reset File: D:/quartus/lab9_test/lab9/lab9/lab9.vhd Line: 10
Warning (13012): Latch led[7]$latch has unsafe behavior File: D:/quartus/lab9_test/lab9/lab9/lab9.vhd Line: 39
    Warning (13013): Ports D and ENA on the latch are fed by the same signal reset File: D:/quartus/lab9_test/lab9/lab9/lab9.vhd Line: 10
Info (286030): Timing-Driven Synthesis is running
Warning (14025): LATCH primitive "RO:ro_1|chain[24]_4482" is permanently disabled File: D:/quartus/lab9_test/lab9/lab9/RO.vhd Line: 21
Warning (14025): LATCH primitive "RO:ro_1|chain[25]_4567" is permanently disabled File: D:/quartus/lab9_test/lab9/lab9/RO.vhd Line: 21
Warning (14025): LATCH primitive "RO:ro_1|chain[27]_4728" is permanently disabled File: D:/quartus/lab9_test/lab9/lab9/RO.vhd Line: 21
Warning (14025): LATCH primitive "RO:ro_1|chain[29]_4877" is permanently disabled File: D:/quartus/lab9_test/lab9/lab9/RO.vhd Line: 21
Warning (14025): LATCH primitive "RO:ro_1|chain[26]_4649" is permanently disabled File: D:/quartus/lab9_test/lab9/lab9/RO.vhd Line: 21
Warning (14025): LATCH primitive "RO:ro_1|chain[28]_4804" is permanently disabled File: D:/quartus/lab9_test/lab9/lab9/RO.vhd Line: 21
Warning (14025): LATCH primitive "RO:ro_1|chain[30]_4947" is permanently disabled File: D:/quartus/lab9_test/lab9/lab9/RO.vhd Line: 21
Warning (14284): Synthesized away the following node(s):
    Warning (14285): Synthesized away the following LCELL buffer node(s):
        Warning (14320): Synthesized away node "RO:ro_1|chain[23]" File: D:/quartus/lab9_test/lab9/lab9/RO.vhd Line: 15
        Warning (14320): Synthesized away node "RO:ro_1|chain[25]" File: D:/quartus/lab9_test/lab9/lab9/RO.vhd Line: 15
        Warning (14320): Synthesized away node "RO:ro_1|chain[27]" File: D:/quartus/lab9_test/lab9/lab9/RO.vhd Line: 15
        Warning (14320): Synthesized away node "RO:ro_1|chain[29]" File: D:/quartus/lab9_test/lab9/lab9/RO.vhd Line: 15
Warning (14025): LATCH primitive "RO:ro_2|chain[24]_4482" is permanently disabled File: D:/quartus/lab9_test/lab9/lab9/RO.vhd Line: 21
Warning (14025): LATCH primitive "RO:ro_2|chain[25]_4567" is permanently disabled File: D:/quartus/lab9_test/lab9/lab9/RO.vhd Line: 21
Warning (14025): LATCH primitive "RO:ro_2|chain[27]_4728" is permanently disabled File: D:/quartus/lab9_test/lab9/lab9/RO.vhd Line: 21
Warning (14025): LATCH primitive "RO:ro_2|chain[29]_4877" is permanently disabled File: D:/quartus/lab9_test/lab9/lab9/RO.vhd Line: 21
Warning (14025): LATCH primitive "RO:ro_2|chain[26]_4649" is permanently disabled File: D:/quartus/lab9_test/lab9/lab9/RO.vhd Line: 21
Warning (14025): LATCH primitive "RO:ro_2|chain[28]_4804" is permanently disabled File: D:/quartus/lab9_test/lab9/lab9/RO.vhd Line: 21
Warning (14025): LATCH primitive "RO:ro_2|chain[30]_4947" is permanently disabled File: D:/quartus/lab9_test/lab9/lab9/RO.vhd Line: 21
Warning (14284): Synthesized away the following node(s):
    Warning (14285): Synthesized away the following LCELL buffer node(s):
        Warning (14320): Synthesized away node "RO:ro_2|chain[23]" File: D:/quartus/lab9_test/lab9/lab9/RO.vhd Line: 15
        Warning (14320): Synthesized away node "RO:ro_2|chain[25]" File: D:/quartus/lab9_test/lab9/lab9/RO.vhd Line: 15
        Warning (14320): Synthesized away node "RO:ro_2|chain[27]" File: D:/quartus/lab9_test/lab9/lab9/RO.vhd Line: 15
        Warning (14320): Synthesized away node "RO:ro_2|chain[29]" File: D:/quartus/lab9_test/lab9/lab9/RO.vhd Line: 15
Warning (14025): LATCH primitive "RO:ro_1|chain[22]_4303" is permanently disabled File: D:/quartus/lab9_test/lab9/lab9/RO.vhd Line: 21
Warning (14284): Synthesized away the following node(s):
    Warning (14285): Synthesized away the following LCELL buffer node(s):
        Warning (14320): Synthesized away node "RO:ro_1|chain[21]" File: D:/quartus/lab9_test/lab9/lab9/RO.vhd Line: 15
Warning (14025): LATCH primitive "RO:ro_2|chain[22]_4303" is permanently disabled File: D:/quartus/lab9_test/lab9/lab9/RO.vhd Line: 21
Warning (14284): Synthesized away the following node(s):
    Warning (14285): Synthesized away the following LCELL buffer node(s):
        Warning (14320): Synthesized away node "RO:ro_2|chain[21]" File: D:/quartus/lab9_test/lab9/lab9/RO.vhd Line: 15
Warning (14026): LATCH primitive "RO:ro_1|chain[4]_2152" is permanently enabled File: D:/quartus/lab9_test/lab9/lab9/RO.vhd Line: 21
Warning (14026): LATCH primitive "RO:ro_1|chain[3]_2004" is permanently enabled File: D:/quartus/lab9_test/lab9/lab9/RO.vhd Line: 21
Warning (14026): LATCH primitive "RO:ro_2|chain[4]_2152" is permanently enabled File: D:/quartus/lab9_test/lab9/lab9/RO.vhd Line: 21
Warning (14026): LATCH primitive "RO:ro_2|chain[3]_2004" is permanently enabled File: D:/quartus/lab9_test/lab9/lab9/RO.vhd Line: 21
Info (17016): Found the following redundant logic cells in design
    Info (17048): Logic cell "RO:ro_1|chain[2]" File: D:/quartus/lab9_test/lab9/lab9/RO.vhd Line: 15
    Info (17048): Logic cell "RO:ro_1|chain[4]" File: D:/quartus/lab9_test/lab9/lab9/RO.vhd Line: 15
    Info (17048): Logic cell "RO:ro_1|chain[6]" File: D:/quartus/lab9_test/lab9/lab9/RO.vhd Line: 15
    Info (17048): Logic cell "RO:ro_1|chain[8]" File: D:/quartus/lab9_test/lab9/lab9/RO.vhd Line: 15
    Info (17048): Logic cell "RO:ro_1|chain[10]" File: D:/quartus/lab9_test/lab9/lab9/RO.vhd Line: 15
    Info (17048): Logic cell "RO:ro_1|chain[12]" File: D:/quartus/lab9_test/lab9/lab9/RO.vhd Line: 15
    Info (17048): Logic cell "RO:ro_1|chain[14]" File: D:/quartus/lab9_test/lab9/lab9/RO.vhd Line: 15
    Info (17048): Logic cell "RO:ro_1|chain[16]" File: D:/quartus/lab9_test/lab9/lab9/RO.vhd Line: 15
    Info (17048): Logic cell "RO:ro_1|chain[18]" File: D:/quartus/lab9_test/lab9/lab9/RO.vhd Line: 15
    Info (17048): Logic cell "RO:ro_1|chain[20]" File: D:/quartus/lab9_test/lab9/lab9/RO.vhd Line: 15
    Info (17048): Logic cell "RO:ro_1|chain[22]" File: D:/quartus/lab9_test/lab9/lab9/RO.vhd Line: 15
    Info (17048): Logic cell "RO:ro_1|chain[24]" File: D:/quartus/lab9_test/lab9/lab9/RO.vhd Line: 15
    Info (17048): Logic cell "RO:ro_1|chain[26]" File: D:/quartus/lab9_test/lab9/lab9/RO.vhd Line: 15
    Info (17048): Logic cell "RO:ro_1|chain[28]" File: D:/quartus/lab9_test/lab9/lab9/RO.vhd Line: 15
    Info (17048): Logic cell "RO:ro_1|chain[30]" File: D:/quartus/lab9_test/lab9/lab9/RO.vhd Line: 15
    Info (17048): Logic cell "RO:ro_2|chain[2]" File: D:/quartus/lab9_test/lab9/lab9/RO.vhd Line: 15
    Info (17048): Logic cell "RO:ro_2|chain[4]" File: D:/quartus/lab9_test/lab9/lab9/RO.vhd Line: 15
    Info (17048): Logic cell "RO:ro_2|chain[6]" File: D:/quartus/lab9_test/lab9/lab9/RO.vhd Line: 15
    Info (17048): Logic cell "RO:ro_2|chain[8]" File: D:/quartus/lab9_test/lab9/lab9/RO.vhd Line: 15
    Info (17048): Logic cell "RO:ro_2|chain[10]" File: D:/quartus/lab9_test/lab9/lab9/RO.vhd Line: 15
    Info (17048): Logic cell "RO:ro_2|chain[12]" File: D:/quartus/lab9_test/lab9/lab9/RO.vhd Line: 15
    Info (17048): Logic cell "RO:ro_2|chain[14]" File: D:/quartus/lab9_test/lab9/lab9/RO.vhd Line: 15
    Info (17048): Logic cell "RO:ro_2|chain[16]" File: D:/quartus/lab9_test/lab9/lab9/RO.vhd Line: 15
    Info (17048): Logic cell "RO:ro_2|chain[18]" File: D:/quartus/lab9_test/lab9/lab9/RO.vhd Line: 15
    Info (17048): Logic cell "RO:ro_2|chain[20]" File: D:/quartus/lab9_test/lab9/lab9/RO.vhd Line: 15
    Info (17048): Logic cell "RO:ro_2|chain[22]" File: D:/quartus/lab9_test/lab9/lab9/RO.vhd Line: 15
    Info (17048): Logic cell "RO:ro_2|chain[24]" File: D:/quartus/lab9_test/lab9/lab9/RO.vhd Line: 15
    Info (17048): Logic cell "RO:ro_2|chain[26]" File: D:/quartus/lab9_test/lab9/lab9/RO.vhd Line: 15
    Info (17048): Logic cell "RO:ro_2|chain[28]" File: D:/quartus/lab9_test/lab9/lab9/RO.vhd Line: 15
    Info (17048): Logic cell "RO:ro_2|chain[30]" File: D:/quartus/lab9_test/lab9/lab9/RO.vhd Line: 15
    Info (17048): Logic cell "RO:ro_1|chain[1]" File: D:/quartus/lab9_test/lab9/lab9/RO.vhd Line: 15
    Info (17048): Logic cell "RO:ro_2|chain[1]" File: D:/quartus/lab9_test/lab9/lab9/RO.vhd Line: 15
    Info (17048): Logic cell "RO:ro_1|chain[3]" File: D:/quartus/lab9_test/lab9/lab9/RO.vhd Line: 15
    Info (17048): Logic cell "RO:ro_1|chain[5]" File: D:/quartus/lab9_test/lab9/lab9/RO.vhd Line: 15
    Info (17048): Logic cell "RO:ro_1|chain[7]" File: D:/quartus/lab9_test/lab9/lab9/RO.vhd Line: 15
    Info (17048): Logic cell "RO:ro_1|chain[9]" File: D:/quartus/lab9_test/lab9/lab9/RO.vhd Line: 15
    Info (17048): Logic cell "RO:ro_1|chain[11]" File: D:/quartus/lab9_test/lab9/lab9/RO.vhd Line: 15
    Info (17048): Logic cell "RO:ro_1|chain[13]" File: D:/quartus/lab9_test/lab9/lab9/RO.vhd Line: 15
    Info (17048): Logic cell "RO:ro_1|chain[15]" File: D:/quartus/lab9_test/lab9/lab9/RO.vhd Line: 15
    Info (17048): Logic cell "RO:ro_1|chain[17]" File: D:/quartus/lab9_test/lab9/lab9/RO.vhd Line: 15
    Info (17048): Logic cell "RO:ro_1|chain[19]" File: D:/quartus/lab9_test/lab9/lab9/RO.vhd Line: 15
    Info (17048): Logic cell "RO:ro_2|chain[3]" File: D:/quartus/lab9_test/lab9/lab9/RO.vhd Line: 15
    Info (17048): Logic cell "RO:ro_2|chain[5]" File: D:/quartus/lab9_test/lab9/lab9/RO.vhd Line: 15
    Info (17048): Logic cell "RO:ro_2|chain[7]" File: D:/quartus/lab9_test/lab9/lab9/RO.vhd Line: 15
    Info (17048): Logic cell "RO:ro_2|chain[9]" File: D:/quartus/lab9_test/lab9/lab9/RO.vhd Line: 15
    Info (17048): Logic cell "RO:ro_2|chain[11]" File: D:/quartus/lab9_test/lab9/lab9/RO.vhd Line: 15
    Info (17048): Logic cell "RO:ro_2|chain[13]" File: D:/quartus/lab9_test/lab9/lab9/RO.vhd Line: 15
    Info (17048): Logic cell "RO:ro_2|chain[15]" File: D:/quartus/lab9_test/lab9/lab9/RO.vhd Line: 15
    Info (17048): Logic cell "RO:ro_2|chain[17]" File: D:/quartus/lab9_test/lab9/lab9/RO.vhd Line: 15
    Info (17048): Logic cell "RO:ro_2|chain[19]" File: D:/quartus/lab9_test/lab9/lab9/RO.vhd Line: 15
Info (16010): Generating hard_block partition "hard_block:auto_generated_inst"
    Info (16011): Adding 0 node(s), including 0 DDIO, 0 PLL, 0 transceiver and 0 LCELL
Info (21057): Implemented 2002 device resources after synthesis - the final resource count might be different
    Info (21058): Implemented 5 input pins
    Info (21059): Implemented 11 output pins
    Info (21061): Implemented 1986 logic cells
Info: Quartus Prime Analysis & Synthesis was successful. 0 errors, 115 warnings
    Info: Peak virtual memory: 4870 megabytes
    Info: Processing ended: Tue Jan 10 15:22:59 2023
    Info: Elapsed time: 00:00:10
    Info: Total CPU time (on all processors): 00:00:09


